
> sun-tracker-website@0.1.0 test
> vitest run


[1m[46m RUN [49m[22m [36mv3.2.4 [39m[90mC:/Users/Hp/Desktop/Experiment/sun-tracker-website[39m

 [31mΓ¥»[39m src/__tests__/components/notification-settings.test.tsx [2m([22m[2m14 tests[22m[2m | [22m[31m1 failed[39m[2m)[22m[33m 2922[2mms[22m[39m
   [32mΓ£ô[39m NotificationSettings[2m > [22mreturns null when permissionState is unsupported[32m 175[2mms[22m[39m
   [32mΓ£ô[39m NotificationSettings[2m > [22mrenders permission chip with correct color for default state[32m 164[2mms[22m[39m
   [32mΓ£ô[39m NotificationSettings[2m > [22mrenders permission chip with correct color for granted state[32m 64[2mms[22m[39m
   [32mΓ£ô[39m NotificationSettings[2m > [22mrenders permission chip with correct color for denied state[32m 9[2mms[22m[39m
   [32mΓ£ô[39m NotificationSettings[2m > [22mshows denied help text when permissionState is denied[32m 14[2mms[22m[39m
   [32mΓ£ô[39m NotificationSettings[2m > [22mshows 'Notify me' button when permissionState is default and not scheduled[32m 64[2mms[22m[39m
   [32mΓ£ô[39m NotificationSettings[2m > [22mdoes not show 'Notify me' button when permissionState is denied[32m 6[2mms[22m[39m
   [32mΓ£ô[39m NotificationSettings[2m > [22mdoes not show 'Notify me' button when already scheduled[32m 10[2mms[22m[39m
   [32mΓ£ô[39m NotificationSettings[2m > [22mshows 'Disable reminders' button when scheduled[32m 14[2mms[22m[39m
   [32mΓ£ô[39m NotificationSettings[2m > [22mshows scheduled confirmation text when isScheduled is true[32m 43[2mms[22m[39m
   [32mΓ£ô[39m NotificationSettings[2m > [22mcalls requestAndSchedule when 'Notify me' button is clicked[32m 228[2mms[22m[39m
   [32mΓ£ô[39m NotificationSettings[2m > [22mcalls cancel when 'Disable reminders' button is clicked[32m 11[2mms[22m[39m
   [32mΓ£ô[39m NotificationSettings[2m > [22mshows loading state while request is pending[32m 134[2mms[22m[39m
[31m   [31m├ù[31m NotificationSettings[2m > [22mhas aria-live polite on status area for accessibility[39m[33m 1977[2mms[22m[39m
[31m     ΓåÆ Unable to find an element with the role "region"

Here are the available roles:

  button:

  Name "Notify me at golden hour":
  [36m<button[31m
    [33mclass[31m=[32m"rounded-lg border border-slate-300 px-2 py-1 text-xs font-semibold uppercase tracking-[0.12em] text-slate-700 hover:bg-slate-100 disabled:opacity-50 disabled:cursor-not-allowed"[31m
    [33mtype[31m=[32m"button"[31m
  [36m/>[31m

  --------------------------------------------------

Ignored nodes: comments, script, style
[36m<body>[31m
  [36m<div>[31m
    [36m<section[31m
      [33mclass[31m=[32m"rounded-lg border border-slate-200 bg-slate-50 p-3"[31m
    [36m>[31m
      [36m<div[31m
        [33maria-atomic[31m=[32m"true"[31m
        [33maria-live[31m=[32m"polite"[31m
        [33mclass[31m=[32m"space-y-2"[31m
      [36m>[31m
        [36m<div[31m
          [33mclass[31m=[32m"flex items-center gap-2"[31m
        [36m>[31m
          [36m<span[31m
            [33mclass[31m=[32m"rounded-lg border px-2 py-1 text-xs font-semibold uppercase border-zinc-300 bg-zinc-50 text-zinc-700"[31m
          [36m>[31m
            [0mNotifications: [0m
            [0mdefault[0m
          [36m</span>[31m
        [36m</div>[31m
        [36m<div[31m
          [33mclass[31m=[32m"flex flex-wrap gap-2"[31m
        [36m>[31m
          [36m<button[31m
            [33mclass[31m=[32m"rounded-lg border border-slate-300 px-2 py-1 text-xs font-semibold uppercase tracking-[0.12em] text-slate-700 hover:bg-slate-100 disabled:opacity-50 disabled:cursor-not-allowed"[31m
            [33mtype[31m=[32m"button"[31m
          [36m>[31m
            [0mNotify me at golden hour[0m
          [36m</button>[31m
        [36m</div>[31m
      [36m</div>[31m
    [36m</section>[31m
  [36m</div>[31m
[36m</body>[31m[39m
 [32mΓ£ô[39m src/__tests__/components/share-panel.test.tsx [2m([22m[2m9 tests[22m[2m)[22m[33m 6151[2mms[22m[39m
   [33m[2mΓ£ô[22m[39m SharePanel[2m > [22mrenders a collapsed toggle button [33m 1877[2mms[22m[39m
   [33m[2mΓ£ô[22m[39m SharePanel[2m > [22mexpands and shows share buttons on toggle click [33m 1167[2mms[22m[39m
   [33m[2mΓ£ô[22m[39m SharePanel[2m > [22mshows CSV and JSON export buttons when a location is set [33m 585[2mms[22m[39m
   [33m[2mΓ£ô[22m[39m SharePanel[2m > [22mcopy link button calls clipboard.writeText [33m 481[2mms[22m[39m
   [33m[2mΓ£ô[22m[39m SharePanel[2m > [22mshows 'Copied!' feedback after copying [33m 481[2mms[22m[39m
   [33m[2mΓ£ô[22m[39m SharePanel[2m > [22mTwitter button opens window.open with twitter.com URL [33m 367[2mms[22m[39m
   [33m[2mΓ£ô[22m[39m SharePanel[2m > [22mFacebook button opens window.open with facebook.com URL [33m 435[2mms[22m[39m
   [33m[2mΓ£ô[22m[39m SharePanel[2m > [22mexport range buttons change selected range [33m 485[2mms[22m[39m
